symbol,net_bps,taker_share_pct,order_age_p95_ms
TOTAL,0.0,0.0,0.0


