{"from":"overlay_profile.yaml","reason":"REG","runtime":{"utc":"1970-01-01T00:00:00Z","version":"0.1.0"},"to":"overlay_prev.yaml"}


