{"fees_bps":-364.0,"fills_total":182,"net_bps":364.0,"order_age_p95_ms":0.0,"runtime":{"mode":"backtest","utc":"1970-01-01T00:00:00Z","version":"0.1.0"},"taker_share_pct":0.0,"turnover_usd":9145.5}
