{"mean":{"fees_bps":0.0,"fills_total":0,"net_bps":0.0,"order_age_p95_ms":0.0,"taker_share_pct":0.0,"turnover_usd":0.0},"median":{"fees_bps":0.0,"fills_total":0,"net_bps":0.0,"order_age_p95_ms":0.0,"taker_share_pct":0.0,"turnover_usd":0.0},"windows":[]}
