CHAOS t=0 role=A state=leader lock=acq idem_hits=0
CHAOS t=100 role=A state=leader lock=renew idem_hits=1
CHAOS t=200 role=A state=leader lock=renew idem_hits=2
CHAOS t=300 role=A state=leader lock=renew idem_hits=3
CHAOS t=400 role=A state=leader lock=renew idem_hits=4
CHAOS t=500 role=A state=leader lock=renew idem_hits=5
CHAOS t=600 role=A state=leader lock=renew idem_hits=6
CHAOS t=700 role=A state=leader lock=renew idem_hits=7
CHAOS t=800 role=A state=leader lock=renew idem_hits=8
CHAOS t=900 role=A state=leader lock=renew idem_hits=9
CHAOS t=1000 role=A state=leader lock=renew idem_hits=10
CHAOS t=1100 role=A state=leader lock=renew idem_hits=11
CHAOS t=1200 role=A state=leader lock=renew idem_hits=12
CHAOS t=1300 role=A state=leader lock=renew idem_hits=13
CHAOS t=1400 role=A state=leader lock=renew idem_hits=14
CHAOS t=1500 role=A state=leader lock=renew idem_hits=15
CHAOS t=1600 role=A state=leader lock=renew idem_hits=16
CHAOS t=1700 role=A state=leader lock=renew idem_hits=17
CHAOS t=1800 role=A state=leader lock=renew idem_hits=18
CHAOS t=1900 role=A state=leader lock=renew idem_hits=19
CHAOS t=2000 role=A state=leader lock=renew idem_hits=20
CHAOS t=2100 role=A state=leader lock=renew idem_hits=21
CHAOS t=2200 role=A state=leader lock=renew idem_hits=22
CHAOS t=2300 role=A state=leader lock=renew idem_hits=23
CHAOS t=2400 role=A state=leader lock=renew idem_hits=24
CHAOS t=2500 role=A state=leader lock=renew idem_hits=25
CHAOS t=2600 role=A state=leader lock=renew idem_hits=26
CHAOS t=2700 role=A state=leader lock=renew idem_hits=27
CHAOS t=2800 role=A state=leader lock=renew idem_hits=28
CHAOS t=2900 role=A state=leader lock=renew idem_hits=29
CHAOS t=3000 role=B state=leader lock=acq idem_hits=30
CHAOS t=3100 role=B state=leader lock=renew idem_hits=31
CHAOS t=3200 role=B state=leader lock=renew idem_hits=32
CHAOS t=3300 role=B state=leader lock=renew idem_hits=33
CHAOS t=3400 role=B state=leader lock=renew idem_hits=34
CHAOS t=3500 role=B state=leader lock=renew idem_hits=35
CHAOS t=3600 role=B state=leader lock=renew idem_hits=36
CHAOS t=3700 role=B state=leader lock=renew idem_hits=37
CHAOS t=3800 role=B state=leader lock=renew idem_hits=38
CHAOS t=3900 role=B state=leader lock=renew idem_hits=39
CHAOS t=4000 role=B state=leader lock=renew idem_hits=40
CHAOS t=4100 role=B state=leader lock=renew idem_hits=41
CHAOS t=4200 role=B state=leader lock=renew idem_hits=42
CHAOS t=4300 role=B state=leader lock=renew idem_hits=43
CHAOS t=4400 role=B state=leader lock=renew idem_hits=44
CHAOS t=4500 role=B state=leader lock=renew idem_hits=45
CHAOS t=4600 role=B state=leader lock=renew idem_hits=46
CHAOS t=4700 role=B state=leader lock=renew idem_hits=47
CHAOS t=4800 role=B state=leader lock=renew idem_hits=48
CHAOS t=4900 role=B state=leader lock=renew idem_hits=49
CHAOS t=5000 role=B state=leader lock=renew idem_hits=50
CHAOS t=5100 role=B state=leader lock=renew idem_hits=51
CHAOS t=5200 role=B state=leader lock=renew idem_hits=52
CHAOS t=5300 role=B state=leader lock=renew idem_hits=53
CHAOS t=5400 role=B state=leader lock=renew idem_hits=54
CHAOS t=5500 role=B state=leader lock=renew idem_hits=55
CHAOS t=5600 role=B state=leader lock=renew idem_hits=56
CHAOS t=5700 role=B state=leader lock=renew idem_hits=57
CHAOS t=5800 role=B state=leader lock=renew idem_hits=58
CHAOS t=5900 role=B state=leader lock=renew idem_hits=59
CHAOS_SUMMARY takeover_ms=0 idem_hits_total=59 alert_storm_counter=0
CHAOS_RESULT=OK


