{"checks":[{"detail":"verdict=OK","name":"report_soak_today","ok":true},{"detail":"RESULT=OK seen in last 24h","name":"full_stack_validation","ok":true},{"detail":"present in last 24h","name":"daily_digest","ok":true},{"detail":"broken=0 in last 24h","name":"audit_chain","ok":true},{"detail":"skip","name":"readiness_score_recency","ok":true},{"detail":"skip","name":"pre_live_pack_recency","ok":true}],"result":"OK","utc_now":"2024-01-01T23:59:59Z","window_hours":24}
