{"reason":"DRIFT_EDGE","snapshot":{"net_bps":2.1,"order_age_p95_ms":300.0,"taker_share_pct":12.0},"ts":"1970-01-01T00:00:00Z"}


