{"runtime":{"utc":"1970-01-01T00:00:00Z","version":"0.1.0"},"symbols":{"BTCUSDT":{"adverse_bps":16.666667,"fees_eff_bps":-0.100000,"fills":3.000000,"gross_bps":10.000000,"inventory_bps":-0.001112,"net_bps":3.242205,"slippage_bps":-6.656683,"turnover_usd":449.750000},"ETHUSDT":{"adverse_bps":15.000000,"fees_eff_bps":-0.100000,"fills":3.000000,"gross_bps":10.000000,"inventory_bps":-0.002500,"net_bps":8.231666,"slippage_bps":-1.665834,"turnover_usd":2399.600000}},"total":{"adverse_bps":15.833333,"fees_eff_bps":-0.100000,"fills":6.000000,"gross_bps":10.000000,"inventory_bps":-0.001806,"net_bps":5.736935,"slippage_bps":-4.161259,"turnover_usd":2849.350000}}


