P95_BEFORE=1600.00
P95_AFTER=250.00
FILL_RATE_BEFORE=0.666667
FILL_RATE_AFTER=0.666667
REPLACE_ATTEMPTS=4
REPLACE_ALLOWED=2
BATCH_CANCELS=2
