[{"equity":0.5,"ts":"1970-01-01T00:00:20Z"},{"equity":100.39995,"ts":"1970-01-01T12:00:10Z"},{"equity":100.39995,"ts":"1970-01-02T01:00:10Z"}]


