[{"date":"1970-01-01","equity":100.39995,"fees":0.3,"pnl":0.0,"rebates":-0.2,"turnover":500.0},{"date":"1970-01-02","equity":100.39995,"fees":0.1,"pnl":0.0,"rebates":0.0,"turnover":101.0}]


