BASE_markout_5t_bps=-0.100000
EXP_markout_5t_bps=0.100000
BASE_adverse_rate=0.300000
EXP_adverse_rate=0.200000
EXP_micro_bias_strength_avg=0.026667
