{"grid":{"impact_cap_ratio":[0.06,0.08,0.1],"max_delta_ratio":[0.1,0.12,0.15],"min_interval_ms":[60,80,100],"tail_age_ms":[600,700,800]},"results":[{"metrics":{"fill_rate":0.735,"net_bps":2.7324,"order_age_p95_ms":296.1,"replace_rate_per_min":180.0},"params":{"impact_cap_ratio":0.06,"max_delta_ratio":0.1,"min_interval_ms":100.0,"tail_age_ms":600.0}},{"metrics":{"fill_rate":0.735,"net_bps":2.766,"order_age_p95_ms":301.25,"replace_rate_per_min":180.0},"params":{"impact_cap_ratio":0.08,"max_delta_ratio":0.1,"min_interval_ms":100.0,"tail_age_ms":600.0}},{"metrics":{"fill_rate":0.735,"net_bps":2.7996,"order_age_p95_ms":306.4,"replace_rate_per_min":180.0},"params":{"impact_cap_ratio":0.1,"max_delta_ratio":0.1,"min_interval_ms":100.0,"tail_age_ms":600.0}}],"runtime":{"utc":"1970-01-01T00:00:00Z","version":"0.1.0"},"top3_by_net_bps_safe":[{"metrics":{"fill_rate":0.735,"net_bps":2.7324,"order_age_p95_ms":296.1,"replace_rate_per_min":180.0},"params":{"impact_cap_ratio":0.06,"max_delta_ratio":0.1,"min_interval_ms":100.0,"tail_age_ms":600.0}},{"metrics":{"fill_rate":0.735,"net_bps":2.766,"order_age_p95_ms":301.25,"replace_rate_per_min":180.0},"params":{"impact_cap_ratio":0.08,"max_delta_ratio":0.1,"min_interval_ms":100.0,"tail_age_ms":600.0}},{"metrics":{"fill_rate":0.735,"net_bps":2.7996,"order_age_p95_ms":306.4,"replace_rate_per_min":180.0},"params":{"impact_cap_ratio":0.1,"max_delta_ratio":0.1,"min_interval_ms":100.0,"tail_age_ms":600.0}}]
}

