{"cancel_batch_events":0.96,"fill_rate":0.892,"notes":"baseline","order_age_p50_ms":160.0,"order_age_p95_ms":244.8,"order_age_p99_ms":289.6,"replace_rate_per_min":288.0,"runtime":{"utc":"1970-01-01T00:00:00Z","version":"0.1.0"}}


