{"cancel_batch_events":0.7384615384615385,"fill_rate":0.936,"notes":"tuned","order_age_p50_ms":172.0,"order_age_p95_ms":248.6153846153846,"order_age_p99_ms":292.3076923076923,"replace_rate_per_min":240.0,"runtime":{"utc":"1970-01-01T00:00:00Z","version":"0.1.0"}}


