{"by_symbol":{"BTCUSDT":{"fees_bps_delta":0.0,"pnl_delta":0.0,"turnover_delta_usd":0.0},"ETHUSDT":{"fees_bps_delta":0.0,"pnl_delta":0.0,"turnover_delta_usd":0.0}},"runtime":{"utc":"1970-01-01T00:00:00Z","version":"0.1.0"},"totals":{"fees_bps_delta":0.0,"pnl_delta":0.0,"turnover_delta_usd":0.0}}


