{"baseline":{"edge_med":2.875,"p95_med":305.0,"taker_med":12.0},"reason":"EDGE_REG","today":{"edge_net_bps":2.4,"order_age_p95_ms":350.0,"taker_share_pct":13.0}}


