{"regions":{"ap-sg":{"fill_rate":0.6,"net_bps":2.85,"order_age_p95_ms":400.0,"taker_share_pct":12.5},"eu-west":{"fill_rate":0.59,"net_bps":2.6500000000000004,"order_age_p95_ms":340.0,"taker_share_pct":12.75},"us-east":{"fill_rate":0.5800000000000001,"net_bps":2.45,"order_age_p95_ms":380.0,"taker_share_pct":14.0}},"runtime":{"utc":"1970-01-01T00:00:00Z","version":"0.1.0"},"windows":{"00:00-02:00":{"fill_rate":0.625,"net_bps":2.8,"order_age_p95_ms":300.0,"taker_share_pct":11.75},"02:00-04:00":{"fill_rate":0.555,"net_bps":2.3499999999999996,"order_age_p95_ms":380.0,"taker_share_pct":15.25}},"winner":{"region":"us-east","window":"00:00-02:00"}}
