{"bundle":{"name":"mm-bot","utc":"2025-01-01T00:00:00Z","version":"test-1.0.0"},"files":[{"bytes":916,"path":"CHANGELOG.md","sha256":"5f256f6cd8961132ec4bffc7ae618cc7f8be03a8c14d4c1fa3a6e585b4ac0817"},{"bytes":734,"path":"artifacts/FULL_STACK_VALIDATION.json","sha256":"6233980c9ab48001e72fded02351848d5808411c9b9eacae3505696a6ed0ae7f"},{"bytes":2006,"path":"artifacts/FULL_STACK_VALIDATION.md","sha256":"7046bf6ffe394ca540d0987e90c8641331ada576618598c11099c334a033c6a5"},{"bytes":91,"path":"artifacts/KPI_GATE.json","sha256":"78d8768b23b240ae99173f28a7159fec73a96a13e4dc0aaefc6f666a14d3be59"},{"bytes":24,"path":"artifacts/KPI_GATE.md","sha256":"b67d511188e57b125523fb4e6008e88bf09e2dac9605185d45fc3dc155384ce8"},{"bytes":507,"path":"artifacts/WEEKLY_ROLLUP.json","sha256":"b239c5918707da1447021ad539a295e46b66a299c6067c60cab7506ac92e3d97"},{"bytes":308,"path":"artifacts/WEEKLY_ROLLUP.md","sha256":"d3b717254a0387daedc4aeee38eeb301e8081fe6c1ff5fed859fb861b85e5a78"},{"bytes":1115,"path":"docs/INDEX.md","sha256":"427ec2859e5a3f112d0383fd9c7407d33835d469d8b857570dbb60c007e39a8b"},{"bytes":741,"path":"docs/OPS_ONE_PAGER.md","sha256":"3e3358ff28e2c79b38d6359fbc0a273238f8a6bfc95206da9405c7cf34a4fa63"},{"bytes":2184,"path":"docs/REPORTS.md","sha256":"decfb054ffbdf0ee1718dfb02c783f9565bf4301bf2e814d2f84d207bc8e9478"},{"bytes":763,"path":"docs/REPORT_SOAK.md","sha256":"186f79d5e3a3d2fa9ba8f19f70d66c1c29b70029235657d4b763f534a411f39e"},{"bytes":5814,"path":"docs/RUNBOOKS.md","sha256":"6a202a8582121369a83d02b87557716304dcbb4ebcf34c41e29991f0408d7c01"},{"bytes":525,"path":"monitoring/grafana/EdgeBreakdown.json","sha256":"a241e0a5519a502dbc892c0a63a579f896ab8cf64a310588b32ddb7569f32bc1"},{"bytes":419,"path":"monitoring/grafana/GuardsAndAlerts.json","sha256":"2a8293a89f882c9c6cd381297c47f71c2b598b5ad9d00ae985ea1dc229274941"},{"bytes":409,"path":"monitoring/grafana/LatencyQueue.json","sha256":"d230950820a41bffa7fef241e882ae012bbfcd6b98c243e6c4dadc47407f1a48"},{"bytes":281,"path":"monitoring/grafana/RegionCompare.json","sha256":"4938244b9c7b2c99d6b6694bf58056fd3f37b3c43ae49f5d50d780a304b09802"},{"bytes":4590,"path":"monitoring/grafana/mm_bot_overview.json","sha256":"8fed30ecf4ed7c728d75d8f970cede3f687455e17c2df3e7e75c388399174189"},{"bytes":1491,"path":"monitoring/promql/queries.md","sha256":"fd3d42a1c90dccf2dc6dc9edf2fdc016546aaf73d6d46c232ccf061ee0eda942"}],"missing":["artifacts/PRE_LIVE_PACK.json","artifacts/PRE_LIVE_PACK.md","artifacts/READINESS_SCORE.json","artifacts/READINESS_SCORE.md"],"result":"PARTIAL"}

