{"fills_total":2,"net_bps":4.000000,"order_age_p95_ms":0.000000,"fees_bps":-4.000000,"runtime":{"mode":"sim","utc":"1970-01-01T00:00:00Z","version":"0.1.0"},"taker_share_pct":0.000000,"turnover_usd":125.750000}


