2025-01-01T00:00:00Z BTCUSDT 0.000000 10.000000 10.000000 0.000000 0 0.000000 0.000000
2025-01-01T00:00:10Z BTCUSDT 10.000000 25.000000 15.000000 1.500000 0 1.500000 11.500000
2025-01-01T00:00:20Z BTCUSDT 25.000000 60.000000 35.000000 3.750000 1 3.750000 28.750000
2025-01-01T00:00:30Z BTCUSDT 40.000000 90.000000 50.000000 4.000000 2 3.500000 43.500000
2025-01-01T00:00:40Z BTCUSDT 55.000000 95.000000 40.000000 4.125000 2 2.750000 57.750000
2025-01-01T00:00:50Z BTCUSDT 70.000000 80.000000 10.000000 10.500000 2 5.250000 75.250000
2025-01-01T00:01:00Z BTCUSDT 75.000000 74.000000 -1.000000 11.250000 2 -0.500000 74.500000
2025-01-01T00:01:10Z BTCUSDT 74.000000 74.000000 0.000000 11.100000 2 0.000000 74.000000
2025-01-01T00:01:20Z BTCUSDT 74.000000 72.000000 -2.000000 11.100000 2 -1.000000 73.000000
2025-01-01T00:01:30Z BTCUSDT 72.000000 72.000000 0.000000 10.800000 2 0.000000 72.000000

