{"candidates":[{"metrics_after":{"fill_rate":0.7175,"net_bps":2.8515,"order_age_p95_ms":301.25,"replace_rate_per_min":240.0},"metrics_before":{"fill_rate":0.7,"net_bps":3.0,"order_age_p95_ms":320.0,"replace_rate_per_min":300.0},"params":{"impact_cap_ratio":0.08,"max_delta_ratio":0.12,"min_interval_ms":80.0,"tail_age_ms":700.0},"verdict":"KEEP"},{"metrics_after":{"fill_rate":0.735,"net_bps":2.7324,"order_age_p95_ms":296.1,"replace_rate_per_min":180.0},"metrics_before":{"fill_rate":0.7,"net_bps":3.0,"order_age_p95_ms":320.0,"replace_rate_per_min":300.0},"params":{"impact_cap_ratio":0.06,"max_delta_ratio":0.1,"min_interval_ms":100.0,"tail_age_ms":600.0},"verdict":"KEEP"},{"metrics_after":{"fill_rate":0.735,"net_bps":2.766,"order_age_p95_ms":301.25,"replace_rate_per_min":180.0},"metrics_before":{"fill_rate":0.7,"net_bps":3.0,"order_age_p95_ms":320.0,"replace_rate_per_min":300.0},"params":{"impact_cap_ratio":0.08,"max_delta_ratio":0.1,"min_interval_ms":100.0,"tail_age_ms":600.0},"verdict":"KEEP"}],"runtime":{"utc":"1970-01-01T00:00:00Z","version":"0.1.0"}}


